Archive member included to satisfy reference by file (symbol)

c:/st/stm32cubeide_1.7.0/stm32cubeide/plugins/com.st.stm32cube.ide.mcu.externaltools.gnu-tools-for-stm32.9-2020-q2-update.win32_2.0.0.202105311346/tools/bin/../lib/gcc/arm-none-eabi/9.3.1/../../../../arm-none-eabi/lib/thumb/v7e-m+dp/hard\libc_nano.a(lib_a-errno.o)
                              ./Core/Src/syscalls.o (__errno)
c:/st/stm32cubeide_1.7.0/stm32cubeide/plugins/com.st.stm32cube.ide.mcu.externaltools.gnu-tools-for-stm32.9-2020-q2-update.win32_2.0.0.202105311346/tools/bin/../lib/gcc/arm-none-eabi/9.3.1/../../../../arm-none-eabi/lib/thumb/v7e-m+dp/hard\libc_nano.a(lib_a-exit.o)
                              c:/st/stm32cubeide_1.7.0/stm32cubeide/plugins/com.st.stm32cube.ide.mcu.externaltools.gnu-tools-for-stm32.9-2020-q2-update.win32_2.0.0.202105311346/tools/bin/../lib/gcc/arm-none-eabi/9.3.1/../../../../arm-none-eabi/lib/thumb/v7e-m+dp/hard/crt0.o (exit)
c:/st/stm32cubeide_1.7.0/stm32cubeide/plugins/com.st.stm32cube.ide.mcu.externaltools.gnu-tools-for-stm32.9-2020-q2-update.win32_2.0.0.202105311346/tools/bin/../lib/gcc/arm-none-eabi/9.3.1/../../../../arm-none-eabi/lib/thumb/v7e-m+dp/hard\libc_nano.a(lib_a-impure.o)
                              c:/st/stm32cubeide_1.7.0/stm32cubeide/plugins/com.st.stm32cube.ide.mcu.externaltools.gnu-tools-for-stm32.9-2020-q2-update.win32_2.0.0.202105311346/tools/bin/../lib/gcc/arm-none-eabi/9.3.1/../../../../arm-none-eabi/lib/thumb/v7e-m+dp/hard\libc_nano.a(lib_a-exit.o) (_global_impure_ptr)
c:/st/stm32cubeide_1.7.0/stm32cubeide/plugins/com.st.stm32cube.ide.mcu.externaltools.gnu-tools-for-stm32.9-2020-q2-update.win32_2.0.0.202105311346/tools/bin/../lib/gcc/arm-none-eabi/9.3.1/../../../../arm-none-eabi/lib/thumb/v7e-m+dp/hard\libc_nano.a(lib_a-init.o)
                              c:/st/stm32cubeide_1.7.0/stm32cubeide/plugins/com.st.stm32cube.ide.mcu.externaltools.gnu-tools-for-stm32.9-2020-q2-update.win32_2.0.0.202105311346/tools/bin/../lib/gcc/arm-none-eabi/9.3.1/../../../../arm-none-eabi/lib/thumb/v7e-m+dp/hard/crt0.o (__libc_init_array)
c:/st/stm32cubeide_1.7.0/stm32cubeide/plugins/com.st.stm32cube.ide.mcu.externaltools.gnu-tools-for-stm32.9-2020-q2-update.win32_2.0.0.202105311346/tools/bin/../lib/gcc/arm-none-eabi/9.3.1/../../../../arm-none-eabi/lib/thumb/v7e-m+dp/hard\libc_nano.a(lib_a-memset.o)
                              c:/st/stm32cubeide_1.7.0/stm32cubeide/plugins/com.st.stm32cube.ide.mcu.externaltools.gnu-tools-for-stm32.9-2020-q2-update.win32_2.0.0.202105311346/tools/bin/../lib/gcc/arm-none-eabi/9.3.1/../../../../arm-none-eabi/lib/thumb/v7e-m+dp/hard/crt0.o (memset)

Allocating common symbols
Common symbol       size              file

hi2c4               0x4c              ./Core/Src/main.o
hpcd_USB_OTG_FS     0x408             ./Core/Src/main.o
uwTick              0x4               ./Drivers/STM32H7xx_HAL_Driver/stm32h7xx_hal.o
pFlash              0x1c              ./Drivers/STM32H7xx_HAL_Driver/stm32h7xx_hal_flash.o
htim5               0x4c              ./Core/Src/main.o
i2c_buffer          0x10              ./Core/Src/main.o

Discarded input sections

 .text          0x0000000000000000        0x0 c:/st/stm32cubeide_1.7.0/stm32cubeide/plugins/com.st.stm32cube.ide.mcu.externaltools.gnu-tools-for-stm32.9-2020-q2-update.win32_2.0.0.202105311346/tools/bin/../lib/gcc/arm-none-eabi/9.3.1/thumb/v7e-m+dp/hard/crti.o
 .data          0x0000000000000000        0x0 c:/st/stm32cubeide_1.7.0/stm32cubeide/plugins/com.st.stm32cube.ide.mcu.externaltools.gnu-tools-for-stm32.9-2020-q2-update.win32_2.0.0.202105311346/tools/bin/../lib/gcc/arm-none-eabi/9.3.1/thumb/v7e-m+dp/hard/crti.o
 .bss           0x0000000000000000        0x0 c:/st/stm32cubeide_1.7.0/stm32cubeide/plugins/com.st.stm32cube.ide.mcu.externaltools.gnu-tools-for-stm32.9-2020-q2-update.win32_2.0.0.202105311346/tools/bin/../lib/gcc/arm-none-eabi/9.3.1/thumb/v7e-m+dp/hard/crti.o
 .data          0x0000000000000000        0x4 c:/st/stm32cubeide_1.7.0/stm32cubeide/plugins/com.st.stm32cube.ide.mcu.externaltools.gnu-tools-for-stm32.9-2020-q2-update.win32_2.0.0.202105311346/tools/bin/../lib/gcc/arm-none-eabi/9.3.1/thumb/v7e-m+dp/hard/crtbegin.o
 .text          0x0000000000000000       0x7c c:/st/stm32cubeide_1.7.0/stm32cubeide/plugins/com.st.stm32cube.ide.mcu.externaltools.gnu-tools-for-stm32.9-2020-q2-update.win32_2.0.0.202105311346/tools/bin/../lib/gcc/arm-none-eabi/9.3.1/../../../../arm-none-eabi/lib/thumb/v7e-m+dp/hard/crt0.o
 .data          0x0000000000000000        0x0 c:/st/stm32cubeide_1.7.0/stm32cubeide/plugins/com.st.stm32cube.ide.mcu.externaltools.gnu-tools-for-stm32.9-2020-q2-update.win32_2.0.0.202105311346/tools/bin/../lib/gcc/arm-none-eabi/9.3.1/../../../../arm-none-eabi/lib/thumb/v7e-m+dp/hard/crt0.o
[...]
Memory Configuration

Name             Origin             Length             Attributes
RAM_D1           0x0000000024000000 0x0000000000080000 xrw
FLASH            0x0000000008000000 0x0000000000100000 xr
DTCMRAM          0x0000000020000000 0x0000000000020000 xrw
RAM_D2           0x0000000030000000 0x0000000000048000 xrw
RAM_D3           0x0000000038000000 0x0000000000010000 xrw
ITCMRAM          0x0000000000000000 0x0000000000010000 xrw
*default*        0x0000000000000000 0xffffffffffffffff

Linker script and memory map

LOAD c:/st/stm32cubeide_1.7.0/stm32cubeide/plugins/com.st.stm32cube.ide.mcu.externaltools.gnu-tools-for-stm32.9-2020-q2-update.win32_2.0.0.202105311346/tools/bin/../lib/gcc/arm-none-eabi/9.3.1/thumb/v7e-m+dp/hard/crti.o
LOAD c:/st/stm32cubeide_1.7.0/stm32cubeide/plugins/com.st.stm32cube.ide.mcu.externaltools.gnu-tools-for-stm32.9-2020-q2-update.win32_2.0.0.202105311346/tools/bin/../lib/gcc/arm-none-eabi/9.3.1/thumb/v7e-m+dp/hard/crtbegin.o
LOAD c:/st/stm32cubeide_1.7.0/stm32cubeide/plugins/com.st.stm32cube.ide.mcu.externaltools.gnu-tools-for-stm32.9-2020-q2-update.win32_2.0.0.202105311346/tools/bin/../lib/gcc/arm-none-eabi/9.3.1/../../../../arm-none-eabi/lib/thumb/v7e-m+dp/hard/crt0.o
LOAD ./Common/Src/system_stm32h7xx_dualcore_boot_cm4_cm7.o
LOAD ./Core/Src/i2c-lcd.o
LOAD ./Core/Src/main.o
LOAD ./Core/Src/stm32h7xx_hal_msp.o
LOAD ./Core/Src/stm32h7xx_it.o
LOAD ./Core/Src/syscalls.o
LOAD ./Core/Src/sysmem.o
LOAD ./Core/Startup/startup_stm32h745zitx.o
LOAD ./Drivers/STM32H7xx_HAL_Driver/stm32h7xx_hal.o
LOAD ./Drivers/STM32H7xx_HAL_Driver/stm32h7xx_hal_cortex.o
LOAD ./Drivers/STM32H7xx_HAL_Driver/stm32h7xx_hal_dma.o
LOAD ./Drivers/STM32H7xx_HAL_Driver/stm32h7xx_hal_dma_ex.o
LOAD ./Drivers/STM32H7xx_HAL_Driver/stm32h7xx_hal_exti.o
LOAD ./Drivers/STM32H7xx_HAL_Driver/stm32h7xx_hal_flash.o
LOAD ./Drivers/STM32H7xx_HAL_Driver/stm32h7xx_hal_flash_ex.o
LOAD ./Drivers/STM32H7xx_HAL_Driver/stm32h7xx_hal_gpio.o
LOAD ./Drivers/STM32H7xx_HAL_Driver/stm32h7xx_hal_hsem.o
LOAD ./Drivers/STM32H7xx_HAL_Driver/stm32h7xx_hal_i2c.o
LOAD ./Drivers/STM32H7xx_HAL_Driver/stm32h7xx_hal_i2c_ex.o
LOAD ./Drivers/STM32H7xx_HAL_Driver/stm32h7xx_hal_mdma.o
LOAD ./Drivers/STM32H7xx_HAL_Driver/stm32h7xx_hal_pcd.o
LOAD ./Drivers/STM32H7xx_HAL_Driver/stm32h7xx_hal_pcd_ex.o
LOAD ./Drivers/STM32H7xx_HAL_Driver/stm32h7xx_hal_pwr.o
LOAD ./Drivers/STM32H7xx_HAL_Driver/stm32h7xx_hal_pwr_ex.o
LOAD ./Drivers/STM32H7xx_HAL_Driver/stm32h7xx_hal_rcc.o
LOAD ./Drivers/STM32H7xx_HAL_Driver/stm32h7xx_hal_rcc_ex.o
LOAD ./Drivers/STM32H7xx_HAL_Driver/stm32h7xx_hal_tim.o
LOAD ./Drivers/STM32H7xx_HAL_Driver/stm32h7xx_hal_tim_ex.o
LOAD ./Drivers/STM32H7xx_HAL_Driver/stm32h7xx_ll_usb.o
START GROUP
LOAD c:/st/stm32cubeide_1.7.0/stm32cubeide/plugins/com.st.stm32cube.ide.mcu.externaltools.gnu-tools-for-stm32.9-2020-q2-update.win32_2.0.0.202105311346/tools/bin/../lib/gcc/arm-none-eabi/9.3.1/../../../../arm-none-eabi/lib/thumb/v7e-m+dp/hard\libc_nano.a
LOAD c:/st/stm32cubeide_1.7.0/stm32cubeide/plugins/com.st.stm32cube.ide.mcu.externaltools.gnu-tools-for-stm32.9-2020-q2-update.win32_2.0.0.202105311346/tools/bin/../lib/gcc/arm-none-eabi/9.3.1/../../../../arm-none-eabi/lib/thumb/v7e-m+dp/hard\libm.a
END GROUP
START GROUP
LOAD c:/st/stm32cubeide_1.7.0/stm32cubeide/plugins/com.st.stm32cube.ide.mcu.externaltools.gnu-tools-for-stm32.9-2020-q2-update.win32_2.0.0.202105311346/tools/bin/../lib/gcc/arm-none-eabi/9.3.1/thumb/v7e-m+dp/hard\libgcc.a
LOAD c:/st/stm32cubeide_1.7.0/stm32cubeide/plugins/com.st.stm32cube.ide.mcu.externaltools.gnu-tools-for-stm32.9-2020-q2-update.win32_2.0.0.202105311346/tools/bin/../lib/gcc/arm-none-eabi/9.3.1/../../../../arm-none-eabi/lib/thumb/v7e-m+dp/hard\libc_nano.a
END GROUP
START GROUP
LOAD c:/st/stm32cubeide_1.7.0/stm32cubeide/plugins/com.st.stm32cube.ide.mcu.externaltools.gnu-tools-for-stm32.9-2020-q2-update.win32_2.0.0.202105311346/tools/bin/../lib/gcc/arm-none-eabi/9.3.1/thumb/v7e-m+dp/hard\libgcc.a
LOAD c:/st/stm32cubeide_1.7.0/stm32cubeide/plugins/com.st.stm32cube.ide.mcu.externaltools.gnu-tools-for-stm32.9-2020-q2-update.win32_2.0.0.202105311346/tools/bin/../lib/gcc/arm-none-eabi/9.3.1/../../../../arm-none-eabi/lib/thumb/v7e-m+dp/hard\libc_nano.a
LOAD c:/st/stm32cubeide_1.7.0/stm32cubeide/plugins/com.st.stm32cube.ide.mcu.externaltools.gnu-tools-for-stm32.9-2020-q2-update.win32_2.0.0.202105311346/tools/bin/../lib/gcc/arm-none-eabi/9.3.1/../../../../arm-none-eabi/lib/thumb/v7e-m+dp/hard\libnosys.a
END GROUP
START GROUP
LOAD c:/st/stm32cubeide_1.7.0/stm32cubeide/plugins/com.st.stm32cube.ide.mcu.externaltools.gnu-tools-for-stm32.9-2020-q2-update.win32_2.0.0.202105311346/tools/bin/../lib/gcc/arm-none-eabi/9.3.1/thumb/v7e-m+dp/hard\libgcc.a
LOAD c:/st/stm32cubeide_1.7.0/stm32cubeide/plugins/com.st.stm32cube.ide.mcu.externaltools.gnu-tools-for-stm32.9-2020-q2-update.win32_2.0.0.202105311346/tools/bin/../lib/gcc/arm-none-eabi/9.3.1/../../../../arm-none-eabi/lib/thumb/v7e-m+dp/hard\libc_nano.a
LOAD c:/st/stm32cubeide_1.7.0/stm32cubeide/plugins/com.st.stm32cube.ide.mcu.externaltools.gnu-tools-for-stm32.9-2020-q2-update.win32_2.0.0.202105311346/tools/bin/../lib/gcc/arm-none-eabi/9.3.1/../../../../arm-none-eabi/lib/thumb/v7e-m+dp/hard\libnosys.a
END GROUP
LOAD c:/st/stm32cubeide_1.7.0/stm32cubeide/plugins/com.st.stm32cube.ide.mcu.externaltools.gnu-tools-for-stm32.9-2020-q2-update.win32_2.0.0.202105311346/tools/bin/../lib/gcc/arm-none-eabi/9.3.1/thumb/v7e-m+dp/hard/crtend.o
LOAD c:/st/stm32cubeide_1.7.0/stm32cubeide/plugins/com.st.stm32cube.ide.mcu.externaltools.gnu-tools-for-stm32.9-2020-q2-update.win32_2.0.0.202105311346/tools/bin/../lib/gcc/arm-none-eabi/9.3.1/thumb/v7e-m+dp/hard/crtn.o
                0x0000000024080000                _estack = (ORIGIN (RAM_D1) + LENGTH (RAM_D1))
                0x0000000000000200                _Min_Heap_Size = 0x200
                0x0000000000000400                _Min_Stack_Size = 0x400

.isr_vector     0x0000000008000000      0x298
                0x0000000008000000                . = ALIGN (0x4)
 *(.isr_vector)
 .isr_vector    0x0000000008000000      0x298 ./Core/Startup/startup_stm32h745zitx.o
                0x0000000008000000                g_pfnVectors
                0x0000000008000298                . = ALIGN (0x4)

.text           0x0000000008000298     0x4eb0
                0x0000000008000298                . = ALIGN (0x4)
 *(.text)
 .text          0x0000000008000298       0x40 c:/st/stm32cubeide_1.7.0/stm32cubeide/plugins/com.st.stm32cube.ide.mcu.externaltools.gnu-tools-for-stm32.9-2020-q2-update.win32_2.0.0.202105311346/tools/bin/../lib/gcc/arm-none-eabi/9.3.1/thumb/v7e-m+dp/hard/crtbegin.o
 *(.text*)
 .text.SystemInit
                0x00000000080002d8      0x134 ./Common/Src/system_stm32h7xx_dualcore_boot_cm4_cm7.o
                0x00000000080002d8                SystemInit
 .text.lcd_send_cmd
                0x000000000800040c       0x60 ./Core/Src/i2c-lcd.o
                0x000000000800040c                lcd_send_cmd
 .text.lcd_send_data
                0x000000000800046c       0x60 ./Core/Src/i2c-lcd.o
                0x000000000800046c                lcd_send_data
 .text.lcd_clear
                0x00000000080004cc       0x2e ./Core/Src/i2c-lcd.o
                0x00000000080004cc                lcd_clear
 .text.lcd_put_cur
                0x00000000080004fa       0x3e ./Core/Src/i2c-lcd.o
                0x00000000080004fa                lcd_put_cur
 .text.lcd_init
                0x0000000008000538       0x7a ./Core/Src/i2c-lcd.o
                0x0000000008000538                lcd_init
 .text.lcd_send_string
                0x00000000080005b2       0x2a ./Core/Src/i2c-lcd.o
                0x00000000080005b2                lcd_send_string
 .text.main     0x00000000080005dc      0x104 ./Core/Src/main.o
                0x00000000080005dc                main
 .text.SystemClock_Config
                0x00000000080006e0      0x108 ./Core/Src/main.o
                0x00000000080006e0                SystemClock_Config
 .text.MX_I2C4_Init
                0x00000000080007e8       0x80 ./Core/Src/main.o
 .text.MX_TIM5_Init
                0x0000000008000868       0xa0 ./Core/Src/main.o
 .text.MX_USB_OTG_FS_PCD_Init
                0x0000000008000908       0x64 ./Core/Src/main.o
 .text.MX_GPIO_Init
                0x000000000800096c       0x90 ./Core/Src/main.o
 .text.MPU6050_init
                0x00000000080009fc       0xac ./Core/Src/main.o
                0x00000000080009fc                MPU6050_init
 .text.MPU6050_READ_TEMP
                0x0000000008000aa8       0x94 ./Core/Src/main.o
                0x0000000008000aa8                MPU6050_READ_TEMP
 .text.Error_Handler
                0x0000000008000b3c        0xa ./Core/Src/main.o
                0x0000000008000b3c                Error_Handler
 *fill*         0x0000000008000b46        0x2 
 .text.HAL_MspInit
                0x0000000008000b48       0x34 ./Core/Src/stm32h7xx_hal_msp.o
                0x0000000008000b48                HAL_MspInit
 .text.HAL_I2C_MspInit
                0x0000000008000b7c       0xcc ./Core/Src/stm32h7xx_hal_msp.o
                0x0000000008000b7c                HAL_I2C_MspInit
 .text.HAL_TIM_Base_MspInit
                0x0000000008000c48       0x44 ./Core/Src/stm32h7xx_hal_msp.o
                0x0000000008000c48                HAL_TIM_Base_MspInit
 .text.HAL_PCD_MspInit
                0x0000000008000c8c      0x110 ./Core/Src/stm32h7xx_hal_msp.o
                0x0000000008000c8c                HAL_PCD_MspInit
 .text.NMI_Handler
                0x0000000008000d9c        0x6 ./Core/Src/stm32h7xx_it.o
                0x0000000008000d9c                NMI_Handler
 .text.HardFault_Handler
                0x0000000008000da2        0x6 ./Core/Src/stm32h7xx_it.o
                0x0000000008000da2                HardFault_Handler
 .text.MemManage_Handler
                0x0000000008000da8        0x6 ./Core/Src/stm32h7xx_it.o
                0x0000000008000da8                MemManage_Handler
 .text.BusFault_Handler
                0x0000000008000dae        0x6 ./Core/Src/stm32h7xx_it.o
                0x0000000008000dae                BusFault_Handler
 .text.UsageFault_Handler
                0x0000000008000db4        0x6 ./Core/Src/stm32h7xx_it.o
                0x0000000008000db4                UsageFault_Handler
 .text.SVC_Handler
                0x0000000008000dba        0xe ./Core/Src/stm32h7xx_it.o
                0x0000000008000dba                SVC_Handler
 .text.DebugMon_Handler
                0x0000000008000dc8        0xe ./Core/Src/stm32h7xx_it.o
                0x0000000008000dc8                DebugMon_Handler
 .text.PendSV_Handler
                0x0000000008000dd6        0xe ./Core/Src/stm32h7xx_it.o
                0x0000000008000dd6                PendSV_Handler
 .text.SysTick_Handler
                0x0000000008000de4        0xc ./Core/Src/stm32h7xx_it.o
                0x0000000008000de4                SysTick_Handler
 .text.Reset_Handler
                0x0000000008000df0       0x50 ./Core/Startup/startup_stm32h745zitx.o
                0x0000000008000df0                Reset_Handler
 .text.Default_Handler
                0x0000000008000e40        0x2 ./Core/Startup/startup_stm32h745zitx.o
                0x0000000008000e40                RTC_Alarm_IRQHandler
                0x0000000008000e40                EXTI2_IRQHandler
                0x0000000008000e40                TIM8_CC_IRQHandler
                0x0000000008000e40                HRTIM1_Master_IRQHandler
                0x0000000008000e40                UART8_IRQHandler
                0x0000000008000e40                SPI4_IRQHandler
                0x0000000008000e40                TIM1_CC_IRQHandler
                0x0000000008000e40                BDMA_Channel6_IRQHandler
                0x0000000008000e40                DMA2_Stream5_IRQHandler
                0x0000000008000e40                HRTIM1_FLT_IRQHandler
                0x0000000008000e40                JPEG_IRQHandler
                0x0000000008000e40                DMA1_Stream5_IRQHandler
                0x0000000008000e40                BDMA_Channel1_IRQHandler
                0x0000000008000e40                HRTIM1_TIMD_IRQHandler
                0x0000000008000e40                TAMP_STAMP_IRQHandler
                0x0000000008000e40                EXTI3_IRQHandler
                0x0000000008000e40                LPTIM4_IRQHandler
                0x0000000008000e40                TIM8_TRG_COM_TIM14_IRQHandler
                0x0000000008000e40                LPTIM2_IRQHandler
                0x0000000008000e40                DFSDM1_FLT1_IRQHandler
                0x0000000008000e40                DMAMUX2_OVR_IRQHandler
                0x0000000008000e40                TIM8_UP_TIM13_IRQHandler
                0x0000000008000e40                I2C3_ER_IRQHandler
                0x0000000008000e40                DFSDM1_FLT2_IRQHandler
                0x0000000008000e40                MDMA_IRQHandler
                0x0000000008000e40                LPTIM3_IRQHandler
                0x0000000008000e40                HSEM1_IRQHandler
                0x0000000008000e40                EXTI0_IRQHandler
                0x0000000008000e40                I2C2_EV_IRQHandler
                0x0000000008000e40                DMA1_Stream2_IRQHandler
                0x0000000008000e40                FPU_IRQHandler
                0x0000000008000e40                OTG_HS_WKUP_IRQHandler
                0x0000000008000e40                FDCAN1_IT1_IRQHandler
                0x0000000008000e40                LTDC_ER_IRQHandler
                0x0000000008000e40                DMA2_Stream2_IRQHandler
                0x0000000008000e40                HRTIM1_TIME_IRQHandler
                0x0000000008000e40                SPI1_IRQHandler
                0x0000000008000e40                TIM6_DAC_IRQHandler
                0x0000000008000e40                DCMI_IRQHandler
                0x0000000008000e40                HRTIM1_TIMC_IRQHandler
                0x0000000008000e40                DMA2_Stream3_IRQHandler
                0x0000000008000e40                SAI2_IRQHandler
                0x0000000008000e40                DFSDM1_FLT3_IRQHandler
                0x0000000008000e40                USART6_IRQHandler
                0x0000000008000e40                TIM17_IRQHandler
                0x0000000008000e40                USART3_IRQHandler
                0x0000000008000e40                BDMA_Channel7_IRQHandler
                0x0000000008000e40                LPTIM5_IRQHandler
                0x0000000008000e40                UART5_IRQHandler
                0x0000000008000e40                ADC3_IRQHandler
                0x0000000008000e40                DMA2_Stream0_IRQHandler
                0x0000000008000e40                TIM4_IRQHandler
                0x0000000008000e40                BDMA_Channel2_IRQHandler
                0x0000000008000e40                QUADSPI_IRQHandler
                0x0000000008000e40                I2C1_EV_IRQHandler
                0x0000000008000e40                DMA1_Stream6_IRQHandler
                0x0000000008000e40                DMAMUX1_OVR_IRQHandler
                0x0000000008000e40                DMA1_Stream1_IRQHandler
                0x0000000008000e40                TIM16_IRQHandler
                0x0000000008000e40                UART4_IRQHandler
                0x0000000008000e40                BDMA_Channel5_IRQHandler
                0x0000000008000e40                TIM3_IRQHandler
                0x0000000008000e40                RCC_IRQHandler
                0x0000000008000e40                TIM8_BRK_TIM12_IRQHandler
                0x0000000008000e40                TIM1_TRG_COM_IRQHandler
                0x0000000008000e40                Default_Handler
                0x0000000008000e40                ECC_IRQHandler
                0x0000000008000e40                CEC_IRQHandler
                0x0000000008000e40                EXTI15_10_IRQHandler
                0x0000000008000e40                BDMA_Channel0_IRQHandler
                0x0000000008000e40                ADC_IRQHandler
                0x0000000008000e40                DMA1_Stream7_IRQHandler
                0x0000000008000e40                HRTIM1_TIMA_IRQHandler
                0x0000000008000e40                SPI5_IRQHandler
                0x0000000008000e40                TIM7_IRQHandler
                0x0000000008000e40                SDMMC1_IRQHandler
                0x0000000008000e40                TIM5_IRQHandler
                0x0000000008000e40                DMA2_Stream7_IRQHandler
                0x0000000008000e40                TIM15_IRQHandler
                0x0000000008000e40                PVD_AVD_IRQHandler
                0x0000000008000e40                I2C3_EV_IRQHandler
                0x0000000008000e40                EXTI9_5_IRQHandler
                0x0000000008000e40                RTC_WKUP_IRQHandler
                0x0000000008000e40                LTDC_IRQHandler
                0x0000000008000e40                SAI3_IRQHandler
                0x0000000008000e40                ETH_WKUP_IRQHandler
                0x0000000008000e40                SPDIF_RX_IRQHandler
                0x0000000008000e40                SPI2_IRQHandler
                0x0000000008000e40                OTG_HS_EP1_IN_IRQHandler
                0x0000000008000e40                DMA1_Stream0_IRQHandler
                0x0000000008000e40                CRS_IRQHandler
                0x0000000008000e40                CM7_SEV_IRQHandler
                0x0000000008000e40                EXTI4_IRQHandler
                0x0000000008000e40                RNG_IRQHandler
                0x0000000008000e40                CM4_SEV_IRQHandler
                0x0000000008000e40                HRTIM1_TIMB_IRQHandler
                0x0000000008000e40                FDCAN2_IT1_IRQHandler
                0x0000000008000e40                ETH_IRQHandler
                0x0000000008000e40                TIM1_UP_IRQHandler
                0x0000000008000e40                WWDG_RST_IRQHandler
                0x0000000008000e40                BDMA_Channel4_IRQHandler
                0x0000000008000e40                OTG_HS_EP1_OUT_IRQHandler
                0x0000000008000e40                WWDG_IRQHandler
                0x0000000008000e40                SPI6_IRQHandler
                0x0000000008000e40                MDIOS_IRQHandler
                0x0000000008000e40                I2C4_EV_IRQHandler
                0x0000000008000e40                FDCAN2_IT0_IRQHandler
                0x0000000008000e40                LPUART1_IRQHandler
                0x0000000008000e40                FDCAN1_IT0_IRQHandler
                0x0000000008000e40                TIM2_IRQHandler
                0x0000000008000e40                OTG_FS_WKUP_IRQHandler
                0x0000000008000e40                OTG_HS_IRQHandler
                0x0000000008000e40                HSEM2_IRQHandler
                0x0000000008000e40                DMA2D_IRQHandler
                0x0000000008000e40                TIM1_BRK_IRQHandler
                0x0000000008000e40                EXTI1_IRQHandler
                0x0000000008000e40                SDMMC2_IRQHandler
                0x0000000008000e40                OTG_FS_EP1_OUT_IRQHandler
                0x0000000008000e40                BDMA_Channel3_IRQHandler
                0x0000000008000e40                HOLD_CORE_IRQHandler
                0x0000000008000e40                UART7_IRQHandler
                0x0000000008000e40                MDIOS_WKUP_IRQHandler
                0x0000000008000e40                USART2_IRQHandler
                0x0000000008000e40                DFSDM1_FLT0_IRQHandler
                0x0000000008000e40                SAI4_IRQHandler
                0x0000000008000e40                I2C2_ER_IRQHandler
                0x0000000008000e40                DMA2_Stream1_IRQHandler
                0x0000000008000e40                FLASH_IRQHandler
                0x0000000008000e40                DMA2_Stream4_IRQHandler
                0x0000000008000e40                USART1_IRQHandler
                0x0000000008000e40                OTG_FS_IRQHandler
                0x0000000008000e40                SPI3_IRQHandler
                0x0000000008000e40                WAKEUP_PIN_IRQHandler
                0x0000000008000e40                DMA1_Stream4_IRQHandler
                0x0000000008000e40                OTG_FS_EP1_IN_IRQHandler
                0x0000000008000e40                I2C1_ER_IRQHandler
                0x0000000008000e40                FMC_IRQHandler
                0x0000000008000e40                FDCAN_CAL_IRQHandler
                0x0000000008000e40                SWPMI1_IRQHandler
                0x0000000008000e40                COMP1_IRQHandler
                0x0000000008000e40                LPTIM1_IRQHandler
                0x0000000008000e40                I2C4_ER_IRQHandler
                0x0000000008000e40                DMA2_Stream6_IRQHandler
                0x0000000008000e40                SAI1_IRQHandler
                0x0000000008000e40                DMA1_Stream3_IRQHandler
 *fill*         0x0000000008000e42        0x2 
 .text.HAL_Init
                0x0000000008000e44       0x78 ./Drivers/STM32H7xx_HAL_Driver/stm32h7xx_hal.o
                0x0000000008000e44                HAL_Init
 .text.HAL_InitTick
                0x0000000008000ebc       0x6c ./Drivers/STM32H7xx_HAL_Driver/stm32h7xx_hal.o
                0x0000000008000ebc                HAL_InitTick
 .text.HAL_IncTick
                0x0000000008000f28       0x28 ./Drivers/STM32H7xx_HAL_Driver/stm32h7xx_hal.o
                0x0000000008000f28                HAL_IncTick
 .text.HAL_GetTick
                0x0000000008000f50       0x18 ./Drivers/STM32H7xx_HAL_Driver/stm32h7xx_hal.o
                0x0000000008000f50                HAL_GetTick
 .text.HAL_Delay
                0x0000000008000f68       0x48 ./Drivers/STM32H7xx_HAL_Driver/stm32h7xx_hal.o
                0x0000000008000f68                HAL_Delay
 .text.HAL_GetREVID
                0x0000000008000fb0       0x18 ./Drivers/STM32H7xx_HAL_Driver/stm32h7xx_hal.o
                0x0000000008000fb0                HAL_GetREVID
 .text.__NVIC_SetPriorityGrouping
                0x0000000008000fc8       0x48 ./Drivers/STM32H7xx_HAL_Driver/stm32h7xx_hal_cortex.o
 .text.__NVIC_GetPriorityGrouping
                0x0000000008001010       0x1c ./Drivers/STM32H7xx_HAL_Driver/stm32h7xx_hal_cortex.o
 .text.__NVIC_SetPriority
                0x000000000800102c       0x54 ./Drivers/STM32H7xx_HAL_Driver/stm32h7xx_hal_cortex.o
 .text.NVIC_EncodePriority
                0x0000000008001080       0x66 ./Drivers/STM32H7xx_HAL_Driver/stm32h7xx_hal_cortex.o
 *fill*         0x00000000080010e6        0x2 
 .text.SysTick_Config
                0x00000000080010e8       0x44 ./Drivers/STM32H7xx_HAL_Driver/stm32h7xx_hal_cortex.o
 .text.HAL_NVIC_SetPriorityGrouping
                0x000000000800112c       0x16 ./Drivers/STM32H7xx_HAL_Driver/stm32h7xx_hal_cortex.o
                0x000000000800112c                HAL_NVIC_SetPriorityGrouping
 .text.HAL_NVIC_SetPriority
                0x0000000008001142       0x34 ./Drivers/STM32H7xx_HAL_Driver/stm32h7xx_hal_cortex.o
                0x0000000008001142                HAL_NVIC_SetPriority
 .text.HAL_SYSTICK_Config
                0x0000000008001176       0x18 ./Drivers/STM32H7xx_HAL_Driver/stm32h7xx_hal_cortex.o
                0x0000000008001176                HAL_SYSTICK_Config
 *fill*         0x000000000800118e        0x2 
 .text.HAL_GPIO_Init
                0x0000000008001190      0x360 ./Drivers/STM32H7xx_HAL_Driver/stm32h7xx_hal_gpio.o
                0x0000000008001190                HAL_GPIO_Init
 .text.HAL_HSEM_FastTake
                0x00000000080014f0       0x34 ./Drivers/STM32H7xx_HAL_Driver/stm32h7xx_hal_hsem.o
                0x00000000080014f0                HAL_HSEM_FastTake
 .text.HAL_HSEM_Release
                0x0000000008001524       0x28 ./Drivers/STM32H7xx_HAL_Driver/stm32h7xx_hal_hsem.o
                0x0000000008001524                HAL_HSEM_Release
 .text.HAL_I2C_Init
                0x000000000800154c      0x120 ./Drivers/STM32H7xx_HAL_Driver/stm32h7xx_hal_i2c.o
                0x000000000800154c                HAL_I2C_Init
 .text.HAL_I2C_Master_Transmit
                0x000000000800166c      0x1e8 ./Drivers/STM32H7xx_HAL_Driver/stm32h7xx_hal_i2c.o
                0x000000000800166c                HAL_I2C_Master_Transmit
 .text.HAL_I2C_Mem_Write
                0x0000000008001854      0x228 ./Drivers/STM32H7xx_HAL_Driver/stm32h7xx_hal_i2c.o
                0x0000000008001854                HAL_I2C_Mem_Write
 .text.HAL_I2C_Mem_Read
                0x0000000008001a7c      0x234 ./Drivers/STM32H7xx_HAL_Driver/stm32h7xx_hal_i2c.o
                0x0000000008001a7c                HAL_I2C_Mem_Read
 .text.I2C_RequestMemoryWrite
                0x0000000008001cb0       0xa8 ./Drivers/STM32H7xx_HAL_Driver/stm32h7xx_hal_i2c.o
 .text.I2C_RequestMemoryRead
                0x0000000008001d58       0xa8 ./Drivers/STM32H7xx_HAL_Driver/stm32h7xx_hal_i2c.o
 .text.I2C_Flush_TXDR
                0x0000000008001e00       0x48 ./Drivers/STM32H7xx_HAL_Driver/stm32h7xx_hal_i2c.o
 .text.I2C_WaitOnFlagUntilTimeout
                0x0000000008001e48       0x80 ./Drivers/STM32H7xx_HAL_Driver/stm32h7xx_hal_i2c.o
 .text.I2C_WaitOnTXISFlagUntilTimeout
                0x0000000008001ec8       0x80 ./Drivers/STM32H7xx_HAL_Driver/stm32h7xx_hal_i2c.o
 .text.I2C_WaitOnSTOPFlagUntilTimeout
                0x0000000008001f48       0x78 ./Drivers/STM32H7xx_HAL_Driver/stm32h7xx_hal_i2c.o
 .text.I2C_IsAcknowledgeFailed
                0x0000000008001fc0       0xcc ./Drivers/STM32H7xx_HAL_Driver/stm32h7xx_hal_i2c.o
 .text.I2C_TransferConfig
                0x000000000800208c       0x5c ./Drivers/STM32H7xx_HAL_Driver/stm32h7xx_hal_i2c.o
 .text.HAL_I2CEx_ConfigAnalogFilter
                0x00000000080020e8       0x96 ./Drivers/STM32H7xx_HAL_Driver/stm32h7xx_hal_i2c_ex.o
                0x00000000080020e8                HAL_I2CEx_ConfigAnalogFilter
 .text.HAL_I2CEx_ConfigDigitalFilter
                0x000000000800217e       0x98 ./Drivers/STM32H7xx_HAL_Driver/stm32h7xx_hal_i2c_ex.o
                0x000000000800217e                HAL_I2CEx_ConfigDigitalFilter
 .text.HAL_PCD_Init
                0x0000000008002216      0x248 ./Drivers/STM32H7xx_HAL_Driver/stm32h7xx_hal_pcd.o
                0x0000000008002216                HAL_PCD_Init
 *fill*         0x000000000800245e        0x2 
 .text.HAL_PCDEx_ActivateLPM
                0x0000000008002460       0x48 ./Drivers/STM32H7xx_HAL_Driver/stm32h7xx_hal_pcd_ex.o
                0x0000000008002460                HAL_PCDEx_ActivateLPM
 .text.HAL_PWREx_ConfigSupply
                0x00000000080024a8       0xb4 ./Drivers/STM32H7xx_HAL_Driver/stm32h7xx_hal_pwr_ex.o
                0x00000000080024a8                HAL_PWREx_ConfigSupply
 .text.HAL_PWREx_EnableUSBVoltageDetector
                0x000000000800255c       0x20 ./Drivers/STM32H7xx_HAL_Driver/stm32h7xx_hal_pwr_ex.o
                0x000000000800255c                HAL_PWREx_EnableUSBVoltageDetector
 .text.HAL_RCC_OscConfig
                0x000000000800257c      0x820 ./Drivers/STM32H7xx_HAL_Driver/stm32h7xx_hal_rcc.o
                0x000000000800257c                HAL_RCC_OscConfig
 .text.HAL_RCC_ClockConfig
                0x0000000008002d9c      0x36c ./Drivers/STM32H7xx_HAL_Driver/stm32h7xx_hal_rcc.o
                0x0000000008002d9c                HAL_RCC_ClockConfig
 .text.HAL_RCC_GetSysClockFreq
                0x0000000008003108      0x2f4 ./Drivers/STM32H7xx_HAL_Driver/stm32h7xx_hal_rcc.o
                0x0000000008003108                HAL_RCC_GetSysClockFreq
 .text.HAL_RCCEx_PeriphCLKConfig
                0x00000000080033fc      0xe80 ./Drivers/STM32H7xx_HAL_Driver/stm32h7xx_hal_rcc_ex.o
                0x00000000080033fc                HAL_RCCEx_PeriphCLKConfig
 .text.RCCEx_PLL2_Config
                0x000000000800427c      0x164 ./Drivers/STM32H7xx_HAL_Driver/stm32h7xx_hal_rcc_ex.o
 .text.RCCEx_PLL3_Config
                0x00000000080043e0      0x164 ./Drivers/STM32H7xx_HAL_Driver/stm32h7xx_hal_rcc_ex.o
 .text.HAL_TIM_Base_Init
                0x0000000008004544       0xae ./Drivers/STM32H7xx_HAL_Driver/stm32h7xx_hal_tim.o
                0x0000000008004544                HAL_TIM_Base_Init
 *fill*         0x00000000080045f2        0x2 
 .text.HAL_TIM_ConfigClockSource
                0x00000000080045f4      0x1e8 ./Drivers/STM32H7xx_HAL_Driver/stm32h7xx_hal_tim.o
                0x00000000080045f4                HAL_TIM_ConfigClockSource
 .text.TIM_Base_SetConfig
                0x00000000080047dc      0x134 ./Drivers/STM32H7xx_HAL_Driver/stm32h7xx_hal_tim.o
                0x00000000080047dc                TIM_Base_SetConfig
 .text.TIM_TI1_ConfigInputStage
                0x0000000008004910       0x5e ./Drivers/STM32H7xx_HAL_Driver/stm32h7xx_hal_tim.o
 .text.TIM_TI2_ConfigInputStage
                0x000000000800496e       0x60 ./Drivers/STM32H7xx_HAL_Driver/stm32h7xx_hal_tim.o
 *fill*         0x00000000080049ce        0x2 
 .text.TIM_ITRx_SetConfig
                0x00000000080049d0       0x3c ./Drivers/STM32H7xx_HAL_Driver/stm32h7xx_hal_tim.o
 .text.TIM_ETR_SetConfig
                0x0000000008004a0c       0x40 ./Drivers/STM32H7xx_HAL_Driver/stm32h7xx_hal_tim.o
                0x0000000008004a0c                TIM_ETR_SetConfig
 .text.HAL_TIMEx_MasterConfigSynchronization
                0x0000000008004a4c      0x110 ./Drivers/STM32H7xx_HAL_Driver/stm32h7xx_hal_tim_ex.o
                0x0000000008004a4c                HAL_TIMEx_MasterConfigSynchronization
 .text.USB_CoreInit
                0x0000000008004b5c       0xdc ./Drivers/STM32H7xx_HAL_Driver/stm32h7xx_ll_usb.o
                0x0000000008004b5c                USB_CoreInit
 .text.USB_DisableGlobalInt
                0x0000000008004c38       0x22 ./Drivers/STM32H7xx_HAL_Driver/stm32h7xx_ll_usb.o
                0x0000000008004c38                USB_DisableGlobalInt
 .text.USB_SetCurrentMode
                0x0000000008004c5a       0x54 ./Drivers/STM32H7xx_HAL_Driver/stm32h7xx_ll_usb.o
                0x0000000008004c5a                USB_SetCurrentMode
 *fill*         0x0000000008004cae        0x2 
 .text.USB_DevInit
                0x0000000008004cb0      0x2bc ./Drivers/STM32H7xx_HAL_Driver/stm32h7xx_ll_usb.o
                0x0000000008004cb0                USB_DevInit
 .text.USB_FlushTxFifo
                0x0000000008004f6c       0x4c ./Drivers/STM32H7xx_HAL_Driver/stm32h7xx_ll_usb.o
                0x0000000008004f6c                USB_FlushTxFifo
 .text.USB_FlushRxFifo
                0x0000000008004fb8       0x44 ./Drivers/STM32H7xx_HAL_Driver/stm32h7xx_ll_usb.o
                0x0000000008004fb8                USB_FlushRxFifo
 .text.USB_SetDevSpeed
                0x0000000008004ffc       0x32 ./Drivers/STM32H7xx_HAL_Driver/stm32h7xx_ll_usb.o
                0x0000000008004ffc                USB_SetDevSpeed
 .text.USB_DevDisconnect
                0x000000000800502e       0x42 ./Drivers/STM32H7xx_HAL_Driver/stm32h7xx_ll_usb.o
                0x000000000800502e                USB_DevDisconnect
 .text.USB_CoreReset
                0x0000000008005070       0x68 ./Drivers/STM32H7xx_HAL_Driver/stm32h7xx_ll_usb.o
 .text.__libc_init_array
                0x00000000080050d8       0x48 c:/st/stm32cubeide_1.7.0/stm32cubeide/plugins/com.st.stm32cube.ide.mcu.externaltools.gnu-tools-for-stm32.9-2020-q2-update.win32_2.0.0.202105311346/tools/bin/../lib/gcc/arm-none-eabi/9.3.1/../../../../arm-none-eabi/lib/thumb/v7e-m+dp/hard\libc_nano.a(lib_a-init.o)
                0x00000000080050d8                __libc_init_array
 .text.memset   0x0000000008005120       0x10 c:/st/stm32cubeide_1.7.0/stm32cubeide/plugins/com.st.stm32cube.ide.mcu.externaltools.gnu-tools-for-stm32.9-2020-q2-update.win32_2.0.0.202105311346/tools/bin/../lib/gcc/arm-none-eabi/9.3.1/../../../../arm-none-eabi/lib/thumb/v7e-m+dp/hard\libc_nano.a(lib_a-memset.o)
                0x0000000008005120                memset
 *(.glue_7)
 .glue_7        0x0000000008005130        0x0 linker stubs
 *(.glue_7t)
 .glue_7t       0x0000000008005130        0x0 linker stubs
 *(.eh_frame)
 .eh_frame      0x0000000008005130        0x0 c:/st/stm32cubeide_1.7.0/stm32cubeide/plugins/com.st.stm32cube.ide.mcu.externaltools.gnu-tools-for-stm32.9-2020-q2-update.win32_2.0.0.202105311346/tools/bin/../lib/gcc/arm-none-eabi/9.3.1/thumb/v7e-m+dp/hard/crtbegin.o
 *(.init)
 .init          0x0000000008005130        0x4 c:/st/stm32cubeide_1.7.0/stm32cubeide/plugins/com.st.stm32cube.ide.mcu.externaltools.gnu-tools-for-stm32.9-2020-q2-update.win32_2.0.0.202105311346/tools/bin/../lib/gcc/arm-none-eabi/9.3.1/thumb/v7e-m+dp/hard/crti.o
                0x0000000008005130                _init
 .init          0x0000000008005134        0x8 c:/st/stm32cubeide_1.7.0/stm32cubeide/plugins/com.st.stm32cube.ide.mcu.externaltools.gnu-tools-for-stm32.9-2020-q2-update.win32_2.0.0.202105311346/tools/bin/../lib/gcc/arm-none-eabi/9.3.1/thumb/v7e-m+dp/hard/crtn.o
 *(.fini)
 .fini          0x000000000800513c        0x4 c:/st/stm32cubeide_1.7.0/stm32cubeide/plugins/com.st.stm32cube.ide.mcu.externaltools.gnu-tools-for-stm32.9-2020-q2-update.win32_2.0.0.202105311346/tools/bin/../lib/gcc/arm-none-eabi/9.3.1/thumb/v7e-m+dp/hard/crti.o
                0x000000000800513c                _fini
 .fini          0x0000000008005140        0x8 c:/st/stm32cubeide_1.7.0/stm32cubeide/plugins/com.st.stm32cube.ide.mcu.externaltools.gnu-tools-for-stm32.9-2020-q2-update.win32_2.0.0.202105311346/tools/bin/../lib/gcc/arm-none-eabi/9.3.1/thumb/v7e-m+dp/hard/crtn.o
                0x0000000008005148                . = ALIGN (0x4)
                0x0000000008005148                _etext = .

.vfp11_veneer   0x0000000008005148        0x0
 .vfp11_veneer  0x0000000008005148        0x0 linker stubs

.v4_bx          0x0000000008005148        0x0
 .v4_bx         0x0000000008005148        0x0 linker stubs

.iplt           0x0000000008005148        0x0
 .iplt          0x0000000008005148        0x0 c:/st/stm32cubeide_1.7.0/stm32cubeide/plugins/com.st.stm32cube.ide.mcu.externaltools.gnu-tools-for-stm32.9-2020-q2-update.win32_2.0.0.202105311346/tools/bin/../lib/gcc/arm-none-eabi/9.3.1/thumb/v7e-m+dp/hard/crtbegin.o

.rodata         0x0000000008005148       0x28
                0x0000000008005148                . = ALIGN (0x4)
 *(.rodata)
 .rodata        0x0000000008005148       0x15 ./Core/Src/main.o
 *(.rodata*)
 *fill*         0x000000000800515d        0x3 
 .rodata.D1CorePrescTable
                0x0000000008005160       0x10 ./Common/Src/system_stm32h7xx_dualcore_boot_cm4_cm7.o
                0x0000000008005160                D1CorePrescTable
                0x0000000008005170                . = ALIGN (0x4)

.rel.dyn        0x0000000008005170        0x0
 .rel.iplt      0x0000000008005170        0x0 c:/st/stm32cubeide_1.7.0/stm32cubeide/plugins/com.st.stm32cube.ide.mcu.externaltools.gnu-tools-for-stm32.9-2020-q2-update.win32_2.0.0.202105311346/tools/bin/../lib/gcc/arm-none-eabi/9.3.1/thumb/v7e-m+dp/hard/crtbegin.o

.ARM.extab      0x0000000008005170        0x0
                0x0000000008005170                . = ALIGN (0x4)
 *(.ARM.extab* .gnu.linkonce.armextab.*)
                0x0000000008005170                . = ALIGN (0x4)

.ARM            0x0000000008005170        0x0
                0x0000000008005170                . = ALIGN (0x4)
                0x0000000008005170                __exidx_start = .
 *(.ARM.exidx*)
                0x0000000008005170                __exidx_end = .
                0x0000000008005170                . = ALIGN (0x4)

.preinit_array  0x0000000008005170        0x0
                0x0000000008005170                . = ALIGN (0x4)
                0x0000000008005170                PROVIDE (__preinit_array_start = .)
 *(.preinit_array*)
                0x0000000008005170                PROVIDE (__preinit_array_end = .)
                0x0000000008005170                . = ALIGN (0x4)

.init_array     0x0000000008005170        0x4
                0x0000000008005170                . = ALIGN (0x4)
                0x0000000008005170                PROVIDE (__init_array_start = .)
 *(SORT_BY_NAME(.init_array.*))
 *(.init_array*)
 .init_array    0x0000000008005170        0x4 c:/st/stm32cubeide_1.7.0/stm32cubeide/plugins/com.st.stm32cube.ide.mcu.externaltools.gnu-tools-for-stm32.9-2020-q2-update.win32_2.0.0.202105311346/tools/bin/../lib/gcc/arm-none-eabi/9.3.1/thumb/v7e-m+dp/hard/crtbegin.o
                0x0000000008005174                PROVIDE (__init_array_end = .)
                0x0000000008005174                . = ALIGN (0x4)

.fini_array     0x0000000008005174        0x4
                0x0000000008005174                . = ALIGN (0x4)
                [!provide]                        PROVIDE (__fini_array_start = .)
 *(SORT_BY_NAME(.fini_array.*))
 *(.fini_array*)
 .fini_array    0x0000000008005174        0x4 c:/st/stm32cubeide_1.7.0/stm32cubeide/plugins/com.st.stm32cube.ide.mcu.externaltools.gnu-tools-for-stm32.9-2020-q2-update.win32_2.0.0.202105311346/tools/bin/../lib/gcc/arm-none-eabi/9.3.1/thumb/v7e-m+dp/hard/crtbegin.o
                [!provide]                        PROVIDE (__fini_array_end = .)
                0x0000000008005178                . = ALIGN (0x4)
                0x0000000008005178                _sidata = LOADADDR (.data)

.data           0x0000000024000000       0x10 load address 0x0000000008005178
                0x0000000024000000                . = ALIGN (0x4)
                0x0000000024000000                _sdata = .
 *(.data)
 *(.data*)
 .data.SystemCoreClock
                0x0000000024000000        0x4 ./Common/Src/system_stm32h7xx_dualcore_boot_cm4_cm7.o
                0x0000000024000000                SystemCoreClock
 .data.SystemD2Clock
                0x0000000024000004        0x4 ./Common/Src/system_stm32h7xx_dualcore_boot_cm4_cm7.o
                0x0000000024000004                SystemD2Clock
 .data.uwTickPrio
                0x0000000024000008        0x4 ./Drivers/STM32H7xx_HAL_Driver/stm32h7xx_hal.o
                0x0000000024000008                uwTickPrio
 .data.uwTickFreq
                0x000000002400000c        0x1 ./Drivers/STM32H7xx_HAL_Driver/stm32h7xx_hal.o
                0x000000002400000c                uwTickFreq
 *(.RamFunc)
 *(.RamFunc*)
                0x0000000024000010                . = ALIGN (0x4)
 *fill*         0x000000002400000d        0x3 
                0x0000000024000010                _edata = .

.igot.plt       0x0000000024000010        0x0 load address 0x0000000008005188
 .igot.plt      0x0000000024000010        0x0 c:/st/stm32cubeide_1.7.0/stm32cubeide/plugins/com.st.stm32cube.ide.mcu.externaltools.gnu-tools-for-stm32.9-2020-q2-update.win32_2.0.0.202105311346/tools/bin/../lib/gcc/arm-none-eabi/9.3.1/thumb/v7e-m+dp/hard/crtbegin.o
                0x0000000024000010                . = ALIGN (0x4)

.bss            0x0000000024000010      0x4d0 load address 0x0000000008005188
                0x0000000024000010                _sbss = .
                0x0000000024000010                __bss_start__ = _sbss
 *(.bss)
 .bss           0x0000000024000010       0x1c c:/st/stm32cubeide_1.7.0/stm32cubeide/plugins/com.st.stm32cube.ide.mcu.externaltools.gnu-tools-for-stm32.9-2020-q2-update.win32_2.0.0.202105311346/tools/bin/../lib/gcc/arm-none-eabi/9.3.1/thumb/v7e-m+dp/hard/crtbegin.o
 *(.bss*)
 *(COMMON)
 COMMON         0x000000002400002c      0x4b0 ./Core/Src/main.o
                0x000000002400002c                hi2c4
                0x0000000024000078                hpcd_USB_OTG_FS
                0x0000000024000480                htim5
                0x00000000240004cc                i2c_buffer
 COMMON         0x00000000240004dc        0x4 ./Drivers/STM32H7xx_HAL_Driver/stm32h7xx_hal.o
                0x00000000240004dc                uwTick
                0x00000000240004e0                . = ALIGN (0x4)
                0x00000000240004e0                _ebss = .
                0x00000000240004e0                __bss_end__ = _ebss

._user_heap_stack
                0x00000000240004e0      0x600 load address 0x0000000008005188
                0x00000000240004e0                . = ALIGN (0x8)
                [!provide]                        PROVIDE (end = .)
                0x00000000240004e0                PROVIDE (_end = .)
                0x00000000240006e0                . = (. + _Min_Heap_Size)
 *fill*         0x00000000240004e0      0x200 
                0x0000000024000ae0                . = (. + _Min_Stack_Size)
 *fill*         0x00000000240006e0      0x400 
                0x0000000024000ae0                . = ALIGN (0x8)

/DISCARD/
 libc.a(*)
 libm.a(*)
 libgcc.a(*)

.ARM.attributes
                0x0000000000000000       0x2e
 *(.ARM.attributes)
 .ARM.attributes
                0x0000000000000000       0x1e c:/st/stm32cubeide_1.7.0/stm32cubeide/plugins/com.st.stm32cube.ide.mcu.externaltools.gnu-tools-for-stm32.9-2020-q2-update.win32_2.0.0.202105311346/tools/bin/../lib/gcc/arm-none-eabi/9.3.1/thumb/v7e-m+dp/hard/crti.o
 .ARM.attributes
                0x000000000000001e       0x32 c:/st/stm32cubeide_1.7.0/stm32cubeide/plugins/com.st.stm32cube.ide.mcu.externaltools.gnu-tools-for-stm32.9-2020-q2-update.win32_2.0.0.202105311346/tools/bin/../lib/gcc/arm-none-eabi/9.3.1/thumb/v7e-m+dp/hard/crtbegin.o
 .ARM.attributes
                0x0000000000000050       0x32 ./Common/Src/system_stm32h7xx_dualcore_boot_cm4_cm7.o
 .ARM.attributes
                0x0000000000000082       0x32 ./Core/Src/i2c-lcd.o
 .ARM.attributes
                0x00000000000000b4       0x32 ./Core/Src/main.o
 .ARM.attributes
                0x00000000000000e6       0x32 ./Core/Src/stm32h7xx_hal_msp.o
 .ARM.attributes
                0x0000000000000118       0x32 ./Core/Src/stm32h7xx_it.o
 .ARM.attributes
                0x000000000000014a       0x21 ./Core/Startup/startup_stm32h745zitx.o
 .ARM.attributes
                0x000000000000016b       0x32 ./Drivers/STM32H7xx_HAL_Driver/stm32h7xx_hal.o
 .ARM.attributes
                0x000000000000019d       0x32 ./Drivers/STM32H7xx_HAL_Driver/stm32h7xx_hal_cortex.o
 .ARM.attributes
                0x00000000000001cf       0x32 ./Drivers/STM32H7xx_HAL_Driver/stm32h7xx_hal_gpio.o
 .ARM.attributes
                0x0000000000000201       0x32 ./Drivers/STM32H7xx_HAL_Driver/stm32h7xx_hal_hsem.o
 .ARM.attributes
                0x0000000000000233       0x32 ./Drivers/STM32H7xx_HAL_Driver/stm32h7xx_hal_i2c.o
 .ARM.attributes
                0x0000000000000265       0x32 ./Drivers/STM32H7xx_HAL_Driver/stm32h7xx_hal_i2c_ex.o
 .ARM.attributes
                0x0000000000000297       0x32 ./Drivers/STM32H7xx_HAL_Driver/stm32h7xx_hal_pcd.o
 .ARM.attributes
                0x00000000000002c9       0x32 ./Drivers/STM32H7xx_HAL_Driver/stm32h7xx_hal_pcd_ex.o
 .ARM.attributes
                0x00000000000002fb       0x32 ./Drivers/STM32H7xx_HAL_Driver/stm32h7xx_hal_pwr_ex.o
 .ARM.attributes
                0x000000000000032d       0x32 ./Drivers/STM32H7xx_HAL_Driver/stm32h7xx_hal_rcc.o
 .ARM.attributes
                0x000000000000035f       0x32 ./Drivers/STM32H7xx_HAL_Driver/stm32h7xx_hal_rcc_ex.o
 .ARM.attributes
                0x0000000000000391       0x32 ./Drivers/STM32H7xx_HAL_Driver/stm32h7xx_hal_tim.o
 .ARM.attributes
                0x00000000000003c3       0x32 ./Drivers/STM32H7xx_HAL_Driver/stm32h7xx_hal_tim_ex.o
 .ARM.attributes
                0x00000000000003f5       0x32 ./Drivers/STM32H7xx_HAL_Driver/stm32h7xx_ll_usb.o
 .ARM.attributes
                0x0000000000000427       0x32 c:/st/stm32cubeide_1.7.0/stm32cubeide/plugins/com.st.stm32cube.ide.mcu.externaltools.gnu-tools-for-stm32.9-2020-q2-update.win32_2.0.0.202105311346/tools/bin/../lib/gcc/arm-none-eabi/9.3.1/../../../../arm-none-eabi/lib/thumb/v7e-m+dp/hard\libc_nano.a(lib_a-init.o)
 .ARM.attributes
                0x0000000000000459       0x32 c:/st/stm32cubeide_1.7.0/stm32cubeide/plugins/com.st.stm32cube.ide.mcu.externaltools.gnu-tools-for-stm32.9-2020-q2-update.win32_2.0.0.202105311346/tools/bin/../lib/gcc/arm-none-eabi/9.3.1/../../../../arm-none-eabi/lib/thumb/v7e-m+dp/hard\libc_nano.a(lib_a-memset.o)
 .ARM.attributes
                0x000000000000048b       0x1e c:/st/stm32cubeide_1.7.0/stm32cubeide/plugins/com.st.stm32cube.ide.mcu.externaltools.gnu-tools-for-stm32.9-2020-q2-update.win32_2.0.0.202105311346/tools/bin/../lib/gcc/arm-none-eabi/9.3.1/thumb/v7e-m+dp/hard/crtn.o
OUTPUT(Practica_3_1_CM7.elf elf32-littlearm)
LOAD linker stubs
LOAD c:/st/stm32cubeide_1.7.0/stm32cubeide/plugins/com.st.stm32cube.ide.mcu.externaltools.gnu-tools-for-stm32.9-2020-q2-update.win32_2.0.0.202105311346/tools/bin/../lib/gcc/arm-none-eabi/9.3.1/../../../../arm-none-eabi/lib/thumb/v7e-m+dp/hard\libc.a
LOAD c:/st/stm32cubeide_1.7.0/stm32cubeide/plugins/com.st.stm32cube.ide.mcu.externaltools.gnu-tools-for-stm32.9-2020-q2-update.win32_2.0.0.202105311346/tools/bin/../lib/gcc/arm-none-eabi/9.3.1/../../../../arm-none-eabi/lib/thumb/v7e-m+dp/hard\libm.a
LOAD c:/st/stm32cubeide_1.7.0/stm32cubeide/plugins/com.st.stm32cube.ide.mcu.externaltools.gnu-tools-for-stm32.9-2020-q2-update.win32_2.0.0.202105311346/tools/bin/../lib/gcc/arm-none-eabi/9.3.1/thumb/v7e-m+dp/hard\libgcc.a

.debug_info     0x0000000000000000    0x22a01
 .debug_info    0x0000000000000000     0x180b ./Common/Src/system_stm32h7xx_dualcore_boot_cm4_cm7.o
 .debug_info    0x000000000000180b     0x12b8 ./Core/Src/i2c-lcd.o
 .debug_info    0x0000000000002ac3     0x2590 ./Core/Src/main.o
 .debug_info    0x0000000000005053     0x2371 ./Core/Src/stm32h7xx_hal_msp.o
 .debug_info    0x00000000000073c4      0xbe2 ./Core/Src/stm32h7xx_it.o
 .debug_info    0x0000000000007fa6       0x22 ./Core/Startup/startup_stm32h745zitx.o
 .debug_info    0x0000000000007fc8     0x21ad ./Drivers/STM32H7xx_HAL_Driver/stm32h7xx_hal.o
 .debug_info    0x000000000000a175     0x1bf2 ./Drivers/STM32H7xx_HAL_Driver/stm32h7xx_hal_cortex.o
 .debug_info    0x000000000000bd67     0x1877 ./Drivers/STM32H7xx_HAL_Driver/stm32h7xx_hal_gpio.o
 .debug_info    0x000000000000d5de      0xe94 ./Drivers/STM32H7xx_HAL_Driver/stm32h7xx_hal_hsem.o
 .debug_info    0x000000000000e472     0x2d21 ./Drivers/STM32H7xx_HAL_Driver/stm32h7xx_hal_i2c.o
 .debug_info    0x0000000000011193     0x188f ./Drivers/STM32H7xx_HAL_Driver/stm32h7xx_hal_i2c_ex.o
 .debug_info    0x0000000000012a22     0x1c4f ./Drivers/STM32H7xx_HAL_Driver/stm32h7xx_hal_pcd.o
 .debug_info    0x0000000000014671     0x130c ./Drivers/STM32H7xx_HAL_Driver/stm32h7xx_hal_pcd_ex.o
 .debug_info    0x000000000001597d     0x1d1e ./Drivers/STM32H7xx_HAL_Driver/stm32h7xx_hal_pwr_ex.o
 .debug_info    0x000000000001769b     0x1928 ./Drivers/STM32H7xx_HAL_Driver/stm32h7xx_hal_rcc.o
 .debug_info    0x0000000000018fc3     0x1da2 ./Drivers/STM32H7xx_HAL_Driver/stm32h7xx_hal_rcc_ex.o
 .debug_info    0x000000000001ad65     0x3612 ./Drivers/STM32H7xx_HAL_Driver/stm32h7xx_hal_tim.o
 .debug_info    0x000000000001e377     0x21a8 ./Drivers/STM32H7xx_HAL_Driver/stm32h7xx_hal_tim_ex.o
 .debug_info    0x000000000002051f     0x24e2 ./Drivers/STM32H7xx_HAL_Driver/stm32h7xx_ll_usb.o

.debug_abbrev   0x0000000000000000     0x388e
 .debug_abbrev  0x0000000000000000      0x262 ./Common/Src/system_stm32h7xx_dualcore_boot_cm4_cm7.o
 .debug_abbrev  0x0000000000000262      0x267 ./Core/Src/i2c-lcd.o
 .debug_abbrev  0x00000000000004c9      0x385 ./Core/Src/main.o
 .debug_abbrev  0x000000000000084e      0x2c1 ./Core/Src/stm32h7xx_hal_msp.o
 .debug_abbrev  0x0000000000000b0f      0x1ef ./Core/Src/stm32h7xx_it.o
 .debug_abbrev  0x0000000000000cfe       0x12 ./Core/Startup/startup_stm32h745zitx.o
 .debug_abbrev  0x0000000000000d10      0x31b ./Drivers/STM32H7xx_HAL_Driver/stm32h7xx_hal.o
 .debug_abbrev  0x000000000000102b      0x409 ./Drivers/STM32H7xx_HAL_Driver/stm32h7xx_hal_cortex.o
 .debug_abbrev  0x0000000000001434      0x2cb ./Drivers/STM32H7xx_HAL_Driver/stm32h7xx_hal_gpio.o
 .debug_abbrev  0x00000000000016ff      0x2e9 ./Drivers/STM32H7xx_HAL_Driver/stm32h7xx_hal_hsem.o
 .debug_abbrev  0x00000000000019e8      0x2e6 ./Drivers/STM32H7xx_HAL_Driver/stm32h7xx_hal_i2c.o
 .debug_abbrev  0x0000000000001cce      0x29e ./Drivers/STM32H7xx_HAL_Driver/stm32h7xx_hal_i2c_ex.o
 .debug_abbrev  0x0000000000001f6c      0x33a ./Drivers/STM32H7xx_HAL_Driver/stm32h7xx_hal_pcd.o
 .debug_abbrev  0x00000000000022a6      0x2e0 ./Drivers/STM32H7xx_HAL_Driver/stm32h7xx_hal_pcd_ex.o
 .debug_abbrev  0x0000000000002586      0x37d ./Drivers/STM32H7xx_HAL_Driver/stm32h7xx_hal_pwr_ex.o
 .debug_abbrev  0x0000000000002903      0x322 ./Drivers/STM32H7xx_HAL_Driver/stm32h7xx_hal_rcc.o
 .debug_abbrev  0x0000000000002c25      0x31d ./Drivers/STM32H7xx_HAL_Driver/stm32h7xx_hal_rcc_ex.o
 .debug_abbrev  0x0000000000002f42      0x2f9 ./Drivers/STM32H7xx_HAL_Driver/stm32h7xx_hal_tim.o
 .debug_abbrev  0x000000000000323b      0x301 ./Drivers/STM32H7xx_HAL_Driver/stm32h7xx_hal_tim_ex.o
 .debug_abbrev  0x000000000000353c      0x352 ./Drivers/STM32H7xx_HAL_Driver/stm32h7xx_ll_usb.o

.debug_aranges  0x0000000000000000     0x13f0
 .debug_aranges
                0x0000000000000000       0x28 ./Common/Src/system_stm32h7xx_dualcore_boot_cm4_cm7.o
 .debug_aranges
                0x0000000000000028       0x48 ./Core/Src/i2c-lcd.o
 .debug_aranges
                0x0000000000000070       0x60 ./Core/Src/main.o
 .debug_aranges
                0x00000000000000d0       0x50 ./Core/Src/stm32h7xx_hal_msp.o
 .debug_aranges
                0x0000000000000120       0x60 ./Core/Src/stm32h7xx_it.o
 .debug_aranges
                0x0000000000000180       0x28 ./Core/Startup/startup_stm32h745zitx.o
 .debug_aranges
                0x00000000000001a8      0x200 ./Drivers/STM32H7xx_HAL_Driver/stm32h7xx_hal.o
 .debug_aranges
                0x00000000000003a8      0x120 ./Drivers/STM32H7xx_HAL_Driver/stm32h7xx_hal_cortex.o
 .debug_aranges
                0x00000000000004c8       0x58 ./Drivers/STM32H7xx_HAL_Driver/stm32h7xx_hal_gpio.o
 .debug_aranges
                0x0000000000000520       0x70 ./Drivers/STM32H7xx_HAL_Driver/stm32h7xx_hal_hsem.o
 .debug_aranges
                0x0000000000000590      0x290 ./Drivers/STM32H7xx_HAL_Driver/stm32h7xx_hal_i2c.o
 .debug_aranges
                0x0000000000000820       0x48 ./Drivers/STM32H7xx_HAL_Driver/stm32h7xx_hal_i2c_ex.o
 .debug_aranges
                0x0000000000000868      0x130 ./Drivers/STM32H7xx_HAL_Driver/stm32h7xx_hal_pcd.o
 .debug_aranges
                0x0000000000000998       0x60 ./Drivers/STM32H7xx_HAL_Driver/stm32h7xx_hal_pcd_ex.o
 .debug_aranges
                0x00000000000009f8      0x170 ./Drivers/STM32H7xx_HAL_Driver/stm32h7xx_hal_pwr_ex.o
 .debug_aranges
                0x0000000000000b68       0x88 ./Drivers/STM32H7xx_HAL_Driver/stm32h7xx_hal_rcc.o
 .debug_aranges
                0x0000000000000bf0      0x100 ./Drivers/STM32H7xx_HAL_Driver/stm32h7xx_hal_rcc_ex.o
 .debug_aranges
                0x0000000000000cf0      0x3e0 ./Drivers/STM32H7xx_HAL_Driver/stm32h7xx_hal_tim.o
 .debug_aranges
                0x00000000000010d0      0x188 ./Drivers/STM32H7xx_HAL_Driver/stm32h7xx_hal_tim_ex.o
 .debug_aranges
                0x0000000000001258      0x198 ./Drivers/STM32H7xx_HAL_Driver/stm32h7xx_ll_usb.o

.debug_ranges   0x0000000000000000     0x12b8
 .debug_ranges  0x0000000000000000       0x18 ./Common/Src/system_stm32h7xx_dualcore_boot_cm4_cm7.o
 .debug_ranges  0x0000000000000018       0x38 ./Core/Src/i2c-lcd.o
 .debug_ranges  0x0000000000000050       0x50 ./Core/Src/main.o
 .debug_ranges  0x00000000000000a0       0x40 ./Core/Src/stm32h7xx_hal_msp.o
 .debug_ranges  0x00000000000000e0       0x50 ./Core/Src/stm32h7xx_it.o
 .debug_ranges  0x0000000000000130       0x20 ./Core/Startup/startup_stm32h745zitx.o
 .debug_ranges  0x0000000000000150      0x1f0 ./Drivers/STM32H7xx_HAL_Driver/stm32h7xx_hal.o
 .debug_ranges  0x0000000000000340      0x110 ./Drivers/STM32H7xx_HAL_Driver/stm32h7xx_hal_cortex.o
 .debug_ranges  0x0000000000000450       0x48 ./Drivers/STM32H7xx_HAL_Driver/stm32h7xx_hal_gpio.o
 .debug_ranges  0x0000000000000498       0x60 ./Drivers/STM32H7xx_HAL_Driver/stm32h7xx_hal_hsem.o
 .debug_ranges  0x00000000000004f8      0x280 ./Drivers/STM32H7xx_HAL_Driver/stm32h7xx_hal_i2c.o
 .debug_ranges  0x0000000000000778       0x38 ./Drivers/STM32H7xx_HAL_Driver/stm32h7xx_hal_i2c_ex.o
 .debug_ranges  0x00000000000007b0      0x120 ./Drivers/STM32H7xx_HAL_Driver/stm32h7xx_hal_pcd.o
 .debug_ranges  0x00000000000008d0       0x50 ./Drivers/STM32H7xx_HAL_Driver/stm32h7xx_hal_pcd_ex.o
 .debug_ranges  0x0000000000000920      0x160 ./Drivers/STM32H7xx_HAL_Driver/stm32h7xx_hal_pwr_ex.o
 .debug_ranges  0x0000000000000a80       0x78 ./Drivers/STM32H7xx_HAL_Driver/stm32h7xx_hal_rcc.o
 .debug_ranges  0x0000000000000af8       0xf0 ./Drivers/STM32H7xx_HAL_Driver/stm32h7xx_hal_rcc_ex.o
 .debug_ranges  0x0000000000000be8      0x3d0 ./Drivers/STM32H7xx_HAL_Driver/stm32h7xx_hal_tim.o
 .debug_ranges  0x0000000000000fb8      0x178 ./Drivers/STM32H7xx_HAL_Driver/stm32h7xx_hal_tim_ex.o
 .debug_ranges  0x0000000000001130      0x188 ./Drivers/STM32H7xx_HAL_Driver/stm32h7xx_ll_usb.o

.debug_macro    0x0000000000000000    0x3a059
 .debug_macro   0x0000000000000000      0x2be ./Common/Src/system_stm32h7xx_dualcore_boot_cm4_cm7.o
 .debug_macro   0x00000000000002be      0xac6 ./Common/Src/system_stm32h7xx_dualcore_boot_cm4_cm7.o
 .debug_macro   0x0000000000000d84       0x2e ./Common/Src/system_stm32h7xx_dualcore_boot_cm4_cm7.o
 .debug_macro   0x0000000000000db2       0x49 ./Common/Src/system_stm32h7xx_dualcore_boot_cm4_cm7.o
 .debug_macro   0x0000000000000dfb       0x22 ./Common/Src/system_stm32h7xx_dualcore_boot_cm4_cm7.o
 .debug_macro   0x0000000000000e1d       0x8e ./Common/Src/system_stm32h7xx_dualcore_boot_cm4_cm7.o
 .debug_macro   0x0000000000000eab       0x51 ./Common/Src/system_stm32h7xx_dualcore_boot_cm4_cm7.o
 .debug_macro   0x0000000000000efc      0x103 ./Common/Src/system_stm32h7xx_dualcore_boot_cm4_cm7.o
 .debug_macro   0x0000000000000fff       0x6a ./Common/Src/system_stm32h7xx_dualcore_boot_cm4_cm7.o
 .debug_macro   0x0000000000001069      0x1df ./Common/Src/system_stm32h7xx_dualcore_boot_cm4_cm7.o
 .debug_macro   0x0000000000001248       0x1c ./Common/Src/system_stm32h7xx_dualcore_boot_cm4_cm7.o
 .debug_macro   0x0000000000001264       0x22 ./Common/Src/system_stm32h7xx_dualcore_boot_cm4_cm7.o
 .debug_macro   0x0000000000001286      0x101 ./Common/Src/system_stm32h7xx_dualcore_boot_cm4_cm7.o
 .debug_macro   0x0000000000001387     0x1305 ./Common/Src/system_stm32h7xx_dualcore_boot_cm4_cm7.o
 .debug_macro   0x000000000000268c      0x11f ./Common/Src/system_stm32h7xx_dualcore_boot_cm4_cm7.o
 .debug_macro   0x00000000000027ab       0x27 ./Common/Src/system_stm32h7xx_dualcore_boot_cm4_cm7.o
 .debug_macro   0x00000000000027d2    0x26895 ./Common/Src/system_stm32h7xx_dualcore_boot_cm4_cm7.o
 .debug_macro   0x0000000000029067       0x43 ./Common/Src/system_stm32h7xx_dualcore_boot_cm4_cm7.o
 .debug_macro   0x00000000000290aa      0x238 ./Common/Src/system_stm32h7xx_dualcore_boot_cm4_cm7.o
 .debug_macro   0x00000000000292e2     0x3cd3 ./Common/Src/system_stm32h7xx_dualcore_boot_cm4_cm7.o
 .debug_macro   0x000000000002cfb5      0x174 ./Common/Src/system_stm32h7xx_dualcore_boot_cm4_cm7.o
 .debug_macro   0x000000000002d129       0x52 ./Common/Src/system_stm32h7xx_dualcore_boot_cm4_cm7.o
 .debug_macro   0x000000000002d17b       0x17 ./Common/Src/system_stm32h7xx_dualcore_boot_cm4_cm7.o
 .debug_macro   0x000000000002d192       0x3c ./Common/Src/system_stm32h7xx_dualcore_boot_cm4_cm7.o
 .debug_macro   0x000000000002d1ce       0x34 ./Common/Src/system_stm32h7xx_dualcore_boot_cm4_cm7.o
 .debug_macro   0x000000000002d202       0x16 ./Common/Src/system_stm32h7xx_dualcore_boot_cm4_cm7.o
 .debug_macro   0x000000000002d218       0x43 ./Common/Src/system_stm32h7xx_dualcore_boot_cm4_cm7.o
 .debug_macro   0x000000000002d25b       0x34 ./Common/Src/system_stm32h7xx_dualcore_boot_cm4_cm7.o
 .debug_macro   0x000000000002d28f       0x10 ./Common/Src/system_stm32h7xx_dualcore_boot_cm4_cm7.o
 .debug_macro   0x000000000002d29f       0x58 ./Common/Src/system_stm32h7xx_dualcore_boot_cm4_cm7.o
 .debug_macro   0x000000000002d2f7       0x71 ./Common/Src/system_stm32h7xx_dualcore_boot_cm4_cm7.o
 .debug_macro   0x000000000002d368       0x1c ./Common/Src/system_stm32h7xx_dualcore_boot_cm4_cm7.o
 .debug_macro   0x000000000002d384      0x12a ./Common/Src/system_stm32h7xx_dualcore_boot_cm4_cm7.o
 .debug_macro   0x000000000002d4ae      0x333 ./Common/Src/system_stm32h7xx_dualcore_boot_cm4_cm7.o
 .debug_macro   0x000000000002d7e1      0x1a9 ./Common/Src/system_stm32h7xx_dualcore_boot_cm4_cm7.o
 .debug_macro   0x000000000002d98a       0x5d ./Common/Src/system_stm32h7xx_dualcore_boot_cm4_cm7.o
 .debug_macro   0x000000000002d9e7     0x3a9d ./Common/Src/system_stm32h7xx_dualcore_boot_cm4_cm7.o
 .debug_macro   0x0000000000031484     0x1048 ./Common/Src/system_stm32h7xx_dualcore_boot_cm4_cm7.o
 .debug_macro   0x00000000000324cc      0x14d ./Common/Src/system_stm32h7xx_dualcore_boot_cm4_cm7.o
 .debug_macro   0x0000000000032619      0x133 ./Common/Src/system_stm32h7xx_dualcore_boot_cm4_cm7.o
 .debug_macro   0x000000000003274c      0x3be ./Common/Src/system_stm32h7xx_dualcore_boot_cm4_cm7.o
 .debug_macro   0x0000000000032b0a       0x27 ./Common/Src/system_stm32h7xx_dualcore_boot_cm4_cm7.o
 .debug_macro   0x0000000000032b31      0x72d ./Common/Src/system_stm32h7xx_dualcore_boot_cm4_cm7.o
 .debug_macro   0x000000000003325e      0x229 ./Common/Src/system_stm32h7xx_dualcore_boot_cm4_cm7.o
 .debug_macro   0x0000000000033487       0x66 ./Common/Src/system_stm32h7xx_dualcore_boot_cm4_cm7.o
 .debug_macro   0x00000000000334ed      0x3bb ./Common/Src/system_stm32h7xx_dualcore_boot_cm4_cm7.o
 .debug_macro   0x00000000000338a8      0x408 ./Common/Src/system_stm32h7xx_dualcore_boot_cm4_cm7.o
 .debug_macro   0x0000000000033cb0      0x27c ./Common/Src/system_stm32h7xx_dualcore_boot_cm4_cm7.o
 .debug_macro   0x0000000000033f2c      0x3cb ./Common/Src/system_stm32h7xx_dualcore_boot_cm4_cm7.o
 .debug_macro   0x00000000000342f7      0x4a2 ./Common/Src/system_stm32h7xx_dualcore_boot_cm4_cm7.o
 .debug_macro   0x0000000000034799       0x51 ./Common/Src/system_stm32h7xx_dualcore_boot_cm4_cm7.o
 .debug_macro   0x00000000000347ea       0x4a ./Common/Src/system_stm32h7xx_dualcore_boot_cm4_cm7.o
 .debug_macro   0x0000000000034834      0x22c ./Common/Src/system_stm32h7xx_dualcore_boot_cm4_cm7.o
 .debug_macro   0x0000000000034a60       0x67 ./Common/Src/system_stm32h7xx_dualcore_boot_cm4_cm7.o
 .debug_macro   0x0000000000034ac7       0xa5 ./Common/Src/system_stm32h7xx_dualcore_boot_cm4_cm7.o
 .debug_macro   0x0000000000034b6c      0x219 ./Common/Src/system_stm32h7xx_dualcore_boot_cm4_cm7.o
 .debug_macro   0x0000000000034d85      0x2eb ./Common/Src/system_stm32h7xx_dualcore_boot_cm4_cm7.o
 .debug_macro   0x0000000000035070       0x35 ./Common/Src/system_stm32h7xx_dualcore_boot_cm4_cm7.o
 .debug_macro   0x00000000000350a5      0xad7 ./Common/Src/system_stm32h7xx_dualcore_boot_cm4_cm7.o
 .debug_macro   0x0000000000035b7c      0x2a0 ./Common/Src/system_stm32h7xx_dualcore_boot_cm4_cm7.o
 .debug_macro   0x0000000000035e1c      0x21e ./Common/Src/system_stm32h7xx_dualcore_boot_cm4_cm7.o
 .debug_macro   0x000000000003603a       0x90 ./Common/Src/system_stm32h7xx_dualcore_boot_cm4_cm7.o
 .debug_macro   0x00000000000360ca      0x798 ./Common/Src/system_stm32h7xx_dualcore_boot_cm4_cm7.o
 .debug_macro   0x0000000000036862      0x2c2 ./Core/Src/i2c-lcd.o
 .debug_macro   0x0000000000036b24      0x392 ./Core/Src/main.o
 .debug_macro   0x0000000000036eb6       0x46 ./Core/Src/main.o
 .debug_macro   0x0000000000036efc       0x1c ./Core/Src/main.o
 .debug_macro   0x0000000000036f18       0x35 ./Core/Src/main.o
 .debug_macro   0x0000000000036f4d       0x10 ./Core/Src/main.o
 .debug_macro   0x0000000000036f5d       0x10 ./Core/Src/main.o
 .debug_macro   0x0000000000036f6d       0x1c ./Core/Src/main.o
 .debug_macro   0x0000000000036f89       0x52 ./Core/Src/main.o
 .debug_macro   0x0000000000036fdb       0x22 ./Core/Src/main.o
 .debug_macro   0x0000000000036ffd       0x10 ./Core/Src/main.o
 .debug_macro   0x000000000003700d       0x40 ./Core/Src/main.o
 .debug_macro   0x000000000003704d       0xd5 ./Core/Src/main.o
 .debug_macro   0x0000000000037122       0x1c ./Core/Src/main.o
 .debug_macro   0x000000000003713e       0x3d ./Core/Src/main.o
 .debug_macro   0x000000000003717b       0x16 ./Core/Src/main.o
 .debug_macro   0x0000000000037191      0x145 ./Core/Src/main.o
 .debug_macro   0x00000000000372d6      0x2cb ./Core/Src/stm32h7xx_hal_msp.o
 .debug_macro   0x00000000000375a1      0x2d5 ./Core/Src/stm32h7xx_it.o
 .debug_macro   0x0000000000037876      0x2e2 ./Drivers/STM32H7xx_HAL_Driver/stm32h7xx_hal.o
 .debug_macro   0x0000000000037b58      0x2b8 ./Drivers/STM32H7xx_HAL_Driver/stm32h7xx_hal_cortex.o
 .debug_macro   0x0000000000037e10      0x302 ./Drivers/STM32H7xx_HAL_Driver/stm32h7xx_hal_gpio.o
 .debug_macro   0x0000000000038112      0x2ca ./Drivers/STM32H7xx_HAL_Driver/stm32h7xx_hal_hsem.o
 .debug_macro   0x00000000000383dc      0x37d ./Drivers/STM32H7xx_HAL_Driver/stm32h7xx_hal_i2c.o
 .debug_macro   0x0000000000038759      0x2b8 ./Drivers/STM32H7xx_HAL_Driver/stm32h7xx_hal_i2c_ex.o
 .debug_macro   0x0000000000038a11      0x2c4 ./Drivers/STM32H7xx_HAL_Driver/stm32h7xx_hal_pcd.o
 .debug_macro   0x0000000000038cd5      0x2b8 ./Drivers/STM32H7xx_HAL_Driver/stm32h7xx_hal_pcd_ex.o
 .debug_macro   0x0000000000038f8d      0x2f1 ./Drivers/STM32H7xx_HAL_Driver/stm32h7xx_hal_pwr_ex.o
 .debug_macro   0x000000000003927e      0x2dc ./Drivers/STM32H7xx_HAL_Driver/stm32h7xx_hal_rcc.o
 .debug_macro   0x000000000003955a      0x2d6 ./Drivers/STM32H7xx_HAL_Driver/stm32h7xx_hal_rcc_ex.o
 .debug_macro   0x0000000000039830      0x2b9 ./Drivers/STM32H7xx_HAL_Driver/stm32h7xx_hal_tim.o
 .debug_macro   0x0000000000039ae9      0x2b8 ./Drivers/STM32H7xx_HAL_Driver/stm32h7xx_hal_tim_ex.o
 .debug_macro   0x0000000000039da1      0x2b8 ./Drivers/STM32H7xx_HAL_Driver/stm32h7xx_ll_usb.o

.debug_line     0x0000000000000000    0x180c3
 .debug_line    0x0000000000000000      0xa82 ./Common/Src/system_stm32h7xx_dualcore_boot_cm4_cm7.o
 .debug_line    0x0000000000000a82      0x95b ./Core/Src/i2c-lcd.o
 .debug_line    0x00000000000013dd      0xbc3 ./Core/Src/main.o
 .debug_line    0x0000000000001fa0      0x999 ./Core/Src/stm32h7xx_hal_msp.o
 .debug_line    0x0000000000002939      0x949 ./Core/Src/stm32h7xx_it.o
 .debug_line    0x0000000000003282       0x88 ./Core/Startup/startup_stm32h745zitx.o
 .debug_line    0x000000000000330a      0xfbc ./Drivers/STM32H7xx_HAL_Driver/stm32h7xx_hal.o
 .debug_line    0x00000000000042c6      0xe6f ./Drivers/STM32H7xx_HAL_Driver/stm32h7xx_hal_cortex.o
 .debug_line    0x0000000000005135      0xd28 ./Drivers/STM32H7xx_HAL_Driver/stm32h7xx_hal_gpio.o
 .debug_line    0x0000000000005e5d      0xa1f ./Drivers/STM32H7xx_HAL_Driver/stm32h7xx_hal_hsem.o
 .debug_line    0x000000000000687c     0x37ac ./Drivers/STM32H7xx_HAL_Driver/stm32h7xx_hal_i2c.o
 .debug_line    0x000000000000a028      0xacd ./Drivers/STM32H7xx_HAL_Driver/stm32h7xx_hal_i2c_ex.o
 .debug_line    0x000000000000aaf5     0x14df ./Drivers/STM32H7xx_HAL_Driver/stm32h7xx_hal_pcd.o
 .debug_line    0x000000000000bfd4      0xa8b ./Drivers/STM32H7xx_HAL_Driver/stm32h7xx_hal_pcd_ex.o
 .debug_line    0x000000000000ca5f     0x108a ./Drivers/STM32H7xx_HAL_Driver/stm32h7xx_hal_pwr_ex.o
 .debug_line    0x000000000000dae9     0x13a9 ./Drivers/STM32H7xx_HAL_Driver/stm32h7xx_hal_rcc.o
 .debug_line    0x000000000000ee92     0x1b8e ./Drivers/STM32H7xx_HAL_Driver/stm32h7xx_hal_rcc_ex.o
 .debug_line    0x0000000000010a20     0x3e2e ./Drivers/STM32H7xx_HAL_Driver/stm32h7xx_hal_tim.o
 .debug_line    0x000000000001484e     0x1d98 ./Drivers/STM32H7xx_HAL_Driver/stm32h7xx_hal_tim_ex.o
 .debug_line    0x00000000000165e6     0x1add ./Drivers/STM32H7xx_HAL_Driver/stm32h7xx_ll_usb.o

.debug_str      0x0000000000000000   0x17e497
 .debug_str     0x0000000000000000   0x176523 ./Common/Src/system_stm32h7xx_dualcore_boot_cm4_cm7.o
                                     0x176a5b (size before relaxing)
 .debug_str     0x0000000000176523      0x5e8 ./Core/Src/i2c-lcd.o
                                     0x176a84 (size before relaxing)
 .debug_str     0x0000000000176b0b     0x19c9 ./Core/Src/main.o
                                     0x1786b1 (size before relaxing)
 .debug_str     0x00000000001784d4      0x408 ./Core/Src/stm32h7xx_hal_msp.o
                                     0x1777c9 (size before relaxing)
 .debug_str     0x00000000001788dc       0xbd ./Core/Src/stm32h7xx_it.o
                                     0x17659c (size before relaxing)
 .debug_str     0x0000000000178999       0x36 ./Core/Startup/startup_stm32h745zitx.o
                                         0x79 (size before relaxing)
 .debug_str     0x00000000001789cf     0x10e9 ./Drivers/STM32H7xx_HAL_Driver/stm32h7xx_hal.o
                                     0x1779fa (size before relaxing)
 .debug_str     0x0000000000179ab8      0x3d5 ./Drivers/STM32H7xx_HAL_Driver/stm32h7xx_hal_cortex.o
                                     0x17732e (size before relaxing)
 .debug_str     0x0000000000179e8d      0x286 ./Drivers/STM32H7xx_HAL_Driver/stm32h7xx_hal_gpio.o
                                     0x176af9 (size before relaxing)
 .debug_str     0x000000000017a113      0x23f ./Drivers/STM32H7xx_HAL_Driver/stm32h7xx_hal_hsem.o
                                     0x1766af (size before relaxing)
 .debug_str     0x000000000017a352      0xdb1 ./Drivers/STM32H7xx_HAL_Driver/stm32h7xx_hal_i2c.o
                                     0x17791d (size before relaxing)
 .debug_str     0x000000000017b103       0xee ./Drivers/STM32H7xx_HAL_Driver/stm32h7xx_hal_i2c_ex.o
                                     0x176dbe (size before relaxing)
 .debug_str     0x000000000017b1f1      0x566 ./Drivers/STM32H7xx_HAL_Driver/stm32h7xx_hal_pcd.o
                                     0x176de3 (size before relaxing)
 .debug_str     0x000000000017b757      0x1ea ./Drivers/STM32H7xx_HAL_Driver/stm32h7xx_hal_pcd_ex.o
                                     0x176a5c (size before relaxing)
 .debug_str     0x000000000017b941      0x6b8 ./Drivers/STM32H7xx_HAL_Driver/stm32h7xx_hal_pwr_ex.o
                                     0x176ee9 (size before relaxing)
 .debug_str     0x000000000017bff9      0x2a2 ./Drivers/STM32H7xx_HAL_Driver/stm32h7xx_hal_rcc.o
                                     0x176d25 (size before relaxing)
 .debug_str     0x000000000017c29b      0x6ad ./Drivers/STM32H7xx_HAL_Driver/stm32h7xx_hal_rcc_ex.o
                                     0x17722b (size before relaxing)
 .debug_str     0x000000000017c948      0xe45 ./Drivers/STM32H7xx_HAL_Driver/stm32h7xx_hal_tim.o
                                     0x177a41 (size before relaxing)
 .debug_str     0x000000000017d78d      0x63a ./Drivers/STM32H7xx_HAL_Driver/stm32h7xx_hal_tim_ex.o
                                     0x17732e (size before relaxing)
 .debug_str     0x000000000017ddc7      0x6d0 ./Drivers/STM32H7xx_HAL_Driver/stm32h7xx_ll_usb.o
                                     0x176f86 (size before relaxing)

.comment        0x0000000000000000       0x53
 .comment       0x0000000000000000       0x53 ./Common/Src/system_stm32h7xx_dualcore_boot_cm4_cm7.o
                                         0x54 (size before relaxing)
 .comment       0x0000000000000053       0x54 ./Core/Src/i2c-lcd.o
 .comment       0x0000000000000053       0x54 ./Core/Src/main.o
 .comment       0x0000000000000053       0x54 ./Core/Src/stm32h7xx_hal_msp.o
 .comment       0x0000000000000053       0x54 ./Core/Src/stm32h7xx_it.o
 .comment       0x0000000000000053       0x54 ./Drivers/STM32H7xx_HAL_Driver/stm32h7xx_hal.o
 .comment       0x0000000000000053       0x54 ./Drivers/STM32H7xx_HAL_Driver/stm32h7xx_hal_cortex.o
 .comment       0x0000000000000053       0x54 ./Drivers/STM32H7xx_HAL_Driver/stm32h7xx_hal_gpio.o
 .comment       0x0000000000000053       0x54 ./Drivers/STM32H7xx_HAL_Driver/stm32h7xx_hal_hsem.o
 .comment       0x0000000000000053       0x54 ./Drivers/STM32H7xx_HAL_Driver/stm32h7xx_hal_i2c.o
 .comment       0x0000000000000053       0x54 ./Drivers/STM32H7xx_HAL_Driver/stm32h7xx_hal_i2c_ex.o
 .comment       0x0000000000000053       0x54 ./Drivers/STM32H7xx_HAL_Driver/stm32h7xx_hal_pcd.o
 .comment       0x0000000000000053       0x54 ./Drivers/STM32H7xx_HAL_Driver/stm32h7xx_hal_pcd_ex.o
 .comment       0x0000000000000053       0x54 ./Drivers/STM32H7xx_HAL_Driver/stm32h7xx_hal_pwr_ex.o
 .comment       0x0000000000000053       0x54 ./Drivers/STM32H7xx_HAL_Driver/stm32h7xx_hal_rcc.o
 .comment       0x0000000000000053       0x54 ./Drivers/STM32H7xx_HAL_Driver/stm32h7xx_hal_rcc_ex.o
 .comment       0x0000000000000053       0x54 ./Drivers/STM32H7xx_HAL_Driver/stm32h7xx_hal_tim.o
 .comment       0x0000000000000053       0x54 ./Drivers/STM32H7xx_HAL_Driver/stm32h7xx_hal_tim_ex.o
 .comment       0x0000000000000053       0x54 ./Drivers/STM32H7xx_HAL_Driver/stm32h7xx_ll_usb.o

.debug_frame    0x0000000000000000     0x5524
 .debug_frame   0x0000000000000000       0x58 ./Common/Src/system_stm32h7xx_dualcore_boot_cm4_cm7.o
 .debug_frame   0x0000000000000058       0xe0 ./Core/Src/i2c-lcd.o
 .debug_frame   0x0000000000000138      0x13c ./Core/Src/main.o
 .debug_frame   0x0000000000000274      0x120 ./Core/Src/stm32h7xx_hal_msp.o
 .debug_frame   0x0000000000000394      0x104 ./Core/Src/stm32h7xx_it.o
 .debug_frame   0x0000000000000498      0x848 ./Drivers/STM32H7xx_HAL_Driver/stm32h7xx_hal.o
 .debug_frame   0x0000000000000ce0      0x4b8 ./Drivers/STM32H7xx_HAL_Driver/stm32h7xx_hal_cortex.o
 .debug_frame   0x0000000000001198      0x14c ./Drivers/STM32H7xx_HAL_Driver/stm32h7xx_hal_gpio.o
 .debug_frame   0x00000000000012e4      0x1bc ./Drivers/STM32H7xx_HAL_Driver/stm32h7xx_hal_hsem.o
 .debug_frame   0x00000000000014a0      0xbf0 ./Drivers/STM32H7xx_HAL_Driver/stm32h7xx_hal_i2c.o
 .debug_frame   0x0000000000002090      0x100 ./Drivers/STM32H7xx_HAL_Driver/stm32h7xx_hal_i2c_ex.o
 .debug_frame   0x0000000000002190      0x54c ./Drivers/STM32H7xx_HAL_Driver/stm32h7xx_hal_pcd.o
 .debug_frame   0x00000000000026dc      0x174 ./Drivers/STM32H7xx_HAL_Driver/stm32h7xx_hal_pcd_ex.o
 .debug_frame   0x0000000000002850      0x5ec ./Drivers/STM32H7xx_HAL_Driver/stm32h7xx_hal_pwr_ex.o
 .debug_frame   0x0000000000002e3c      0x1f8 ./Drivers/STM32H7xx_HAL_Driver/stm32h7xx_hal_rcc.o
 .debug_frame   0x0000000000003034      0x41c ./Drivers/STM32H7xx_HAL_Driver/stm32h7xx_hal_rcc_ex.o
 .debug_frame   0x0000000000003450     0x1218 ./Drivers/STM32H7xx_HAL_Driver/stm32h7xx_hal_tim.o
 .debug_frame   0x0000000000004668      0x6d8 ./Drivers/STM32H7xx_HAL_Driver/stm32h7xx_hal_tim_ex.o
 .debug_frame   0x0000000000004d40      0x798 ./Drivers/STM32H7xx_HAL_Driver/stm32h7xx_ll_usb.o
 .debug_frame   0x00000000000054d8       0x2c c:/st/stm32cubeide_1.7.0/stm32cubeide/plugins/com.st.stm32cube.ide.mcu.externaltools.gnu-tools-for-stm32.9-2020-q2-update.win32_2.0.0.202105311346/tools/bin/../lib/gcc/arm-none-eabi/9.3.1/../../../../arm-none-eabi/lib/thumb/v7e-m+dp/hard\libc_nano.a(lib_a-init.o)
 .debug_frame   0x0000000000005504       0x20 c:/st/stm32cubeide_1.7.0/stm32cubeide/plugins/com.st.stm32cube.ide.mcu.externaltools.gnu-tools-for-stm32.9-2020-q2-update.win32_2.0.0.202105311346/tools/bin/../lib/gcc/arm-none-eabi/9.3.1/../../../../arm-none-eabi/lib/thumb/v7e-m+dp/hard\libc_nano.a(lib_a-memset.o)
